Archive member included because of file (symbol)

c:/program files (x86)/gnu tools arm embedded/4.7 2013q3/bin/../lib/gcc/arm-none-eabi/4.7.4/armv7e-m\libgcc.a(_arm_addsubdf3.o)
                              ..\obj\main.o (__aeabi_dsub)
c:/program files (x86)/gnu tools arm embedded/4.7 2013q3/bin/../lib/gcc/arm-none-eabi/4.7.4/armv7e-m\libgcc.a(_arm_muldivdf3.o)
                              ..\obj\main.o (__aeabi_dmul)
c:/program files (x86)/gnu tools arm embedded/4.7 2013q3/bin/../lib/gcc/arm-none-eabi/4.7.4/armv7e-m\libgcc.a(_arm_cmpdf2.o)
                              ..\obj\tm_stm32f4_timer_properties.o (__aeabi_dcmpeq)
c:/program files (x86)/gnu tools arm embedded/4.7 2013q3/bin/../lib/gcc/arm-none-eabi/4.7.4/armv7e-m\libgcc.a(_arm_fixunsdfsi.o)
                              ..\obj\main.o (__aeabi_d2uiz)
c:/program files (x86)/gnu tools arm embedded/4.7 2013q3/bin/../lib/gcc/arm-none-eabi/4.7.4/../../../../arm-none-eabi/lib/armv7e-m\libg.a(lib_a-malloc.o)
                              ..\obj\tm_stm32f4_delay.o (malloc)
c:/program files (x86)/gnu tools arm embedded/4.7 2013q3/bin/../lib/gcc/arm-none-eabi/4.7.4/../../../../arm-none-eabi/lib/armv7e-m\libg.a(lib_a-mallocr.o)
                              c:/program files (x86)/gnu tools arm embedded/4.7 2013q3/bin/../lib/gcc/arm-none-eabi/4.7.4/../../../../arm-none-eabi/lib/armv7e-m\libg.a(lib_a-malloc.o) (_malloc_r)
c:/program files (x86)/gnu tools arm embedded/4.7 2013q3/bin/../lib/gcc/arm-none-eabi/4.7.4/../../../../arm-none-eabi/lib/armv7e-m\libg.a(lib_a-mlock.o)
                              c:/program files (x86)/gnu tools arm embedded/4.7 2013q3/bin/../lib/gcc/arm-none-eabi/4.7.4/../../../../arm-none-eabi/lib/armv7e-m\libg.a(lib_a-mallocr.o) (__malloc_lock)
c:/program files (x86)/gnu tools arm embedded/4.7 2013q3/bin/../lib/gcc/arm-none-eabi/4.7.4/../../../../arm-none-eabi/lib/armv7e-m\libg.a(lib_a-sbrkr.o)
                              c:/program files (x86)/gnu tools arm embedded/4.7 2013q3/bin/../lib/gcc/arm-none-eabi/4.7.4/../../../../arm-none-eabi/lib/armv7e-m\libg.a(lib_a-mallocr.o) (_sbrk_r)
c:/program files (x86)/gnu tools arm embedded/4.7 2013q3/bin/../lib/gcc/arm-none-eabi/4.7.4/../../../../arm-none-eabi/lib/armv7e-m\libg.a(lib_a-snprintf.o)
                              ..\obj\functions.o (snprintf)
c:/program files (x86)/gnu tools arm embedded/4.7 2013q3/bin/../lib/gcc/arm-none-eabi/4.7.4/../../../../arm-none-eabi/lib/armv7e-m\libg.a(lib_a-svfprintf.o)
                              c:/program files (x86)/gnu tools arm embedded/4.7 2013q3/bin/../lib/gcc/arm-none-eabi/4.7.4/../../../../arm-none-eabi/lib/armv7e-m\libg.a(lib_a-snprintf.o) (_svfprintf_r)
c:/program files (x86)/gnu tools arm embedded/4.7 2013q3/bin/../lib/gcc/arm-none-eabi/4.7.4/../../../../arm-none-eabi/lib/armv7e-m\libg.a(lib_a-dtoa.o)
                              c:/program files (x86)/gnu tools arm embedded/4.7 2013q3/bin/../lib/gcc/arm-none-eabi/4.7.4/../../../../arm-none-eabi/lib/armv7e-m\libg.a(lib_a-svfprintf.o) (_dtoa_r)
c:/program files (x86)/gnu tools arm embedded/4.7 2013q3/bin/../lib/gcc/arm-none-eabi/4.7.4/../../../../arm-none-eabi/lib/armv7e-m\libg.a(lib_a-freer.o)
                              c:/program files (x86)/gnu tools arm embedded/4.7 2013q3/bin/../lib/gcc/arm-none-eabi/4.7.4/../../../../arm-none-eabi/lib/armv7e-m\libg.a(lib_a-malloc.o) (_free_r)
c:/program files (x86)/gnu tools arm embedded/4.7 2013q3/bin/../lib/gcc/arm-none-eabi/4.7.4/../../../../arm-none-eabi/lib/armv7e-m\libg.a(lib_a-impure.o)
                              c:/program files (x86)/gnu tools arm embedded/4.7 2013q3/bin/../lib/gcc/arm-none-eabi/4.7.4/../../../../arm-none-eabi/lib/armv7e-m\libg.a(lib_a-malloc.o) (_impure_ptr)
c:/program files (x86)/gnu tools arm embedded/4.7 2013q3/bin/../lib/gcc/arm-none-eabi/4.7.4/../../../../arm-none-eabi/lib/armv7e-m\libg.a(lib_a-locale.o)
                              c:/program files (x86)/gnu tools arm embedded/4.7 2013q3/bin/../lib/gcc/arm-none-eabi/4.7.4/../../../../arm-none-eabi/lib/armv7e-m\libg.a(lib_a-svfprintf.o) (_localeconv_r)
c:/program files (x86)/gnu tools arm embedded/4.7 2013q3/bin/../lib/gcc/arm-none-eabi/4.7.4/../../../../arm-none-eabi/lib/armv7e-m\libg.a(lib_a-memchr.o)
                              c:/program files (x86)/gnu tools arm embedded/4.7 2013q3/bin/../lib/gcc/arm-none-eabi/4.7.4/../../../../arm-none-eabi/lib/armv7e-m\libg.a(lib_a-svfprintf.o) (memchr)
c:/program files (x86)/gnu tools arm embedded/4.7 2013q3/bin/../lib/gcc/arm-none-eabi/4.7.4/../../../../arm-none-eabi/lib/armv7e-m\libg.a(lib_a-memcpy.o)
                              c:/program files (x86)/gnu tools arm embedded/4.7 2013q3/bin/../lib/gcc/arm-none-eabi/4.7.4/../../../../arm-none-eabi/lib/armv7e-m\libg.a(lib_a-dtoa.o) (memcpy)
c:/program files (x86)/gnu tools arm embedded/4.7 2013q3/bin/../lib/gcc/arm-none-eabi/4.7.4/../../../../arm-none-eabi/lib/armv7e-m\libg.a(lib_a-mprec.o)
[...]
Memory Configuration

Name             Origin             Length             Attributes
rom              0x08000000         0x00100000         xr
ram              0x20000000         0x00020000         xrw
ram1             0x10000000         0x00010000         xrw
*default*        0x00000000         0xffffffff

Linker script and memory map

                0x20020000                _eram = 0x20020000

.text           0x08000000     0x9ca0
 *(.isr_vector .isr_vector.*)
 .isr_vector    0x08000000      0x188 ..\obj\startup_stm32f4xx.o
                0x08000000                g_pfnVectors
 *(.text .text.* .gnu.linkonce.t.*)
 .text.SYSCFG_EXTILineConfig
                0x08000188       0xb0 ..\obj\stm32f4xx_syscfg.o
                0x08000188                SYSCFG_EXTILineConfig
 .text.Delay    0x08000238       0x7c ..\obj\tm_stm32f4_hd44780.o
 .text.TM_HD44780_Init
                0x080002b4      0x120 ..\obj\tm_stm32f4_hd44780.o
                0x080002b4                TM_HD44780_Init
 .text.TM_HD44780_Clear
                0x080003d4       0x18 ..\obj\tm_stm32f4_hd44780.o
                0x080003d4                TM_HD44780_Clear
 .text.TM_HD44780_Puts
                0x080003ec      0x114 ..\obj\tm_stm32f4_hd44780.o
                0x080003ec                TM_HD44780_Puts
 .text.TM_HD44780_DisplayOn
                0x08000500       0x38 ..\obj\tm_stm32f4_hd44780.o
                0x08000500                TM_HD44780_DisplayOn
 .text.TM_HD44780_Cmd
                0x08000538       0x3c ..\obj\tm_stm32f4_hd44780.o
 .text.TM_HD44780_Data
                0x08000574       0x3c ..\obj\tm_stm32f4_hd44780.o
 .text.TM_HD44780_Cmd4bit
                0x080005b0       0xe0 ..\obj\tm_stm32f4_hd44780.o
 .text.TM_HD44780_CursorSet
                0x08000690       0x78 ..\obj\tm_stm32f4_hd44780.o
 .text.TM_HD44780_InitPins
                0x08000708      0x138 ..\obj\tm_stm32f4_hd44780.o
 .text.USART_Init
                0x08000840      0x1ac ..\obj\stm32f4xx_usart.o
                0x08000840                USART_Init
 .text.USART_Cmd
                0x080009ec       0x40 ..\obj\stm32f4xx_usart.o
                0x080009ec                USART_Cmd
 .text.USART_ReceiveData
                0x08000a2c       0x24 ..\obj\stm32f4xx_usart.o
                0x08000a2c                USART_ReceiveData
 .text.USART_ITConfig
                0x08000a50       0xa4 ..\obj\stm32f4xx_usart.o
                0x08000a50                USART_ITConfig
 .text.USART_GetITStatus
                0x08000af4       0xc4 ..\obj\stm32f4xx_usart.o
                0x08000af4                USART_GetITStatus
 .text.Default_Reset_Handler
                0x08000bb8       0x6c ..\obj\startup_stm32f4xx.o
                0x08000bb8                Default_Reset_Handler
                0x08000bb8                Reset_Handler
 .text.Default_Handler
                0x08000c24        0x8 ..\obj\startup_stm32f4xx.o
                0x08000c24                RTC_Alarm_IRQHandler
                0x08000c24                HASH_RNG_IRQHandler
                0x08000c24                TIM8_CC_IRQHandler
                0x08000c24                DebugMon_Handler
                0x08000c24                TIM1_CC_IRQHandler
                0x08000c24                DMA2_Stream5_IRQHandler
                0x08000c24                HardFault_Handler
                0x08000c24                DMA1_Stream5_IRQHandler
                0x08000c24                PVD_IRQHandler
                0x08000c24                SDIO_IRQHandler
                0x08000c24                TAMP_STAMP_IRQHandler
                0x08000c24                PendSV_Handler
                0x08000c24                NMI_Handler
                0x08000c24                CAN2_RX1_IRQHandler
                0x08000c24                EXTI3_IRQHandler
                0x08000c24                TIM8_TRG_COM_TIM14_IRQHandler
                0x08000c24                TIM1_UP_TIM10_IRQHandler
                0x08000c24                TIM8_UP_TIM13_IRQHandler
                0x08000c24                I2C3_ER_IRQHandler
                0x08000c24                I2C2_EV_IRQHandler
                0x08000c24                DMA1_Stream2_IRQHandler
                0x08000c24                CAN1_RX0_IRQHandler
                0x08000c24                FPU_IRQHandler
                0x08000c24                OTG_HS_WKUP_IRQHandler
                0x08000c24                UsageFault_Handler
                0x08000c24                CAN2_SCE_IRQHandler
                0x08000c24                DMA2_Stream2_IRQHandler
                0x08000c24                SPI1_IRQHandler
                0x08000c24                TIM6_DAC_IRQHandler
                0x08000c24                TIM1_BRK_TIM9_IRQHandler
                0x08000c24                DCMI_IRQHandler
                0x08000c24                CAN2_RX0_IRQHandler
                0x08000c24                DMA2_Stream3_IRQHandler
                0x08000c24                USART3_IRQHandler
                0x08000c24                CRYP_IRQHandler
                0x08000c24                CAN1_RX1_IRQHandler
                0x08000c24                UART5_IRQHandler
                0x08000c24                DMA2_Stream0_IRQHandler
                0x08000c24                TIM4_IRQHandler
                0x08000c24                I2C1_EV_IRQHandler
                0x08000c24                DMA1_Stream6_IRQHandler
                0x08000c24                DMA1_Stream1_IRQHandler
                0x08000c24                UART4_IRQHandler
                0x08000c24                TIM3_IRQHandler
                0x08000c24                RCC_IRQHandler
                0x08000c24                TIM8_BRK_TIM12_IRQHandler
                0x08000c24                EXTI15_10_IRQHandler
                0x08000c24                ADC_IRQHandler
                0x08000c24                DMA1_Stream7_IRQHandler
                0x08000c24                TIM7_IRQHandler
                0x08000c24                CAN2_TX_IRQHandler
                0x08000c24                TIM5_IRQHandler
                0x08000c24                DMA2_Stream7_IRQHandler
                0x08000c24                I2C3_EV_IRQHandler
                0x08000c24                EXTI9_5_IRQHandler
                0x08000c24                RTC_WKUP_IRQHandler
                0x08000c24                ETH_WKUP_IRQHandler
                0x08000c24                SPI2_IRQHandler
                0x08000c24                OTG_HS_EP1_IN_IRQHandler
                0x08000c24                MemManage_Handler
                0x08000c24                DMA1_Stream0_IRQHandler
                0x08000c24                CAN1_TX_IRQHandler
                0x08000c24                SVC_Handler
                0x08000c24                EXTI4_IRQHandler
                0x08000c24                FSMC_IRQHandler
                0x08000c24                ETH_IRQHandler
                0x08000c24                OTG_HS_EP1_OUT_IRQHandler
                0x08000c24                WWDG_IRQHandler
                0x08000c24                OTG_FS_WKUP_IRQHandler
                0x08000c24                TIM1_TRG_COM_TIM11_IRQHandler
                0x08000c24                OTG_HS_IRQHandler
                0x08000c24                USART2_IRQHandler
                0x08000c24                I2C2_ER_IRQHandler
                0x08000c24                DMA2_Stream1_IRQHandler
                0x08000c24                CAN1_SCE_IRQHandler
                0x08000c24                FLASH_IRQHandler
                0x08000c24                DMA2_Stream4_IRQHandler
                0x08000c24                BusFault_Handler
                0x08000c24                USART1_IRQHandler
                0x08000c24                OTG_FS_IRQHandler
                0x08000c24                SPI3_IRQHandler
                0x08000c24                DMA1_Stream4_IRQHandler
                0x08000c24                I2C1_ER_IRQHandler
                0x08000c24                DMA2_Stream6_IRQHandler
                0x08000c24                DMA1_Stream3_IRQHandler
 .text.Delayms  0x08000c2c       0x38 ..\obj\main.o
 *fill*         0x08000c64        0x4 00
 .text.main     0x08000c68      0x760 ..\obj\main.o
                0x08000c68                main
 .text.RCC_GetClocksFreq
                0x080013c8      0x1cc ..\obj\stm32f4xx_rcc.o
                0x080013c8                RCC_GetClocksFreq
 .text.RCC_AHB1PeriphClockCmd
                0x08001594       0x54 ..\obj\stm32f4xx_rcc.o
                0x08001594                RCC_AHB1PeriphClockCmd
 .text.RCC_APB1PeriphClockCmd
                0x080015e8       0x54 ..\obj\stm32f4xx_rcc.o
                0x080015e8                RCC_APB1PeriphClockCmd
 .text.RCC_APB2PeriphClockCmd
                0x0800163c       0x54 ..\obj\stm32f4xx_rcc.o
                0x0800163c                RCC_APB2PeriphClockCmd
 .text.ADC_Init
                0x08001690       0xb8 ..\obj\stm32f4xx_adc.o
                0x08001690                ADC_Init
 .text.ADC_StructInit
                0x08001748       0x4c ..\obj\stm32f4xx_adc.o
                0x08001748                ADC_StructInit
 .text.ADC_CommonInit
                0x08001794       0x5c ..\obj\stm32f4xx_adc.o
                0x08001794                ADC_CommonInit
 .text.ADC_Cmd  0x080017f0       0x38 ..\obj\stm32f4xx_adc.o
                0x080017f0                ADC_Cmd
 .text.ADC_RegularChannelConfig
                0x08001828      0x1bc ..\obj\stm32f4xx_adc.o
                0x08001828                ADC_RegularChannelConfig
 .text.ADC_SoftwareStartConv
                0x080019e4       0x20 ..\obj\stm32f4xx_adc.o
                0x080019e4                ADC_SoftwareStartConv
 .text.ADC_DMACmd
                0x08001a04       0x38 ..\obj\stm32f4xx_adc.o
                0x08001a04                ADC_DMACmd
 .text.ADC_DMARequestAfterLastTransferCmd
                0x08001a3c       0x38 ..\obj\stm32f4xx_adc.o
                0x08001a3c                ADC_DMARequestAfterLastTransferCmd
 .text.NVIC_SetPriority
                0x08001a74       0x5c ..\obj\tm_stm32f4_delay.o
 .text.SysTick_Config
                0x08001ad0       0x64 ..\obj\tm_stm32f4_delay.o
 .text.SysTick_Handler
                0x08001b34      0x170 ..\obj\tm_stm32f4_delay.o
                0x08001b34                SysTick_Handler
 .text.TM_DELAY_Init
                0x08001ca4       0x64 ..\obj\tm_stm32f4_delay.o
                0x08001ca4                TM_DELAY_Init
 .text.Delay    0x08001d08       0x7c ..\obj\functions.o
 .text.GENERAL_Pins_Init
                0x08001d84       0x54 ..\obj\functions.o
                0x08001d84                GENERAL_Pins_Init
 .text.PWM_Init
                0x08001dd8      0x158 ..\obj\functions.o
                0x08001dd8                PWM_Init
 .text.TIM2_OCM_IT_Init
                0x08001f30      0x11c ..\obj\functions.o
                0x08001f30                TIM2_OCM_IT_Init
 *fill*         0x0800204c        0x4 00
 .text.TIM2_IRQHandler
                0x08002050      0x220 ..\obj\functions.o
                0x08002050                TIM2_IRQHandler
 .text.Counting_TIMER_Init
                0x08002270       0x5c ..\obj\functions.o
                0x08002270                Counting_TIMER_Init
 .text.EXTI_Pins_Init
                0x080022cc       0xfc ..\obj\functions.o
                0x080022cc                EXTI_Pins_Init
 .text.DMA_Initialization
                0x080023c8       0xb4 ..\obj\functions.o
                0x080023c8                DMA_Initialization
 .text.ADC_Initialization
                0x0800247c      0x12c ..\obj\functions.o
                0x0800247c                ADC_Initialization
 .text.USART_Initialization
                0x080025a8       0xfc ..\obj\functions.o
                0x080025a8                USART_Initialization
 .text.USART6_IRQHandler
                0x080026a4       0x38 ..\obj\functions.o
                0x080026a4                USART6_IRQHandler
 .text.BLDC_Step
                0x080026dc       0xd8 ..\obj\functions.o
                0x080026dc                BLDC_Step
 .text.BLDC_Com
                0x080027b4      0x324 ..\obj\functions.o
                0x080027b4                BLDC_Com
 .text.EXTI0_IRQHandler
                0x08002ad8       0x4c ..\obj\functions.o
                0x08002ad8                EXTI0_IRQHandler
 .text.EXTI1_IRQHandler
                0x08002b24       0x4c ..\obj\functions.o
                0x08002b24                EXTI1_IRQHandler
 .text.EXTI2_IRQHandler
                0x08002b70       0x4c ..\obj\functions.o
                0x08002b70                EXTI2_IRQHandler
 .text.GPIO_Init
                0x08002bbc      0x144 ..\obj\stm32f4xx_gpio.o
                0x08002bbc                GPIO_Init
 .text.GPIO_ReadInputDataBit
                0x08002d00       0x3c ..\obj\stm32f4xx_gpio.o
                0x08002d00                GPIO_ReadInputDataBit
 .text.GPIO_SetBits
                0x08002d3c       0x1c ..\obj\stm32f4xx_gpio.o
                0x08002d3c                GPIO_SetBits
 .text.GPIO_ResetBits
                0x08002d58       0x1c ..\obj\stm32f4xx_gpio.o
                0x08002d58                GPIO_ResetBits
 .text.GPIO_PinAFConfig
                0x08002d74       0xa8 ..\obj\stm32f4xx_gpio.o
                0x08002d74                GPIO_PinAFConfig
 .text.SystemInit
                0x08002e1c       0x94 ..\obj\system_stm32f4xx.o
                0x08002e1c                SystemInit
 .text.SetSysClock
                0x08002eb0      0x188 ..\obj\system_stm32f4xx.o
 .text._sbrk    0x08003038       0x5c ..\obj\syscalls.o
                0x08003038                _sbrk
 .text.DMA_DeInit
                0x08003094      0x244 ..\obj\stm32f4xx_dma.o
                0x08003094                DMA_DeInit
 .text.DMA_Init
                0x080032d8       0xb0 ..\obj\stm32f4xx_dma.o
                0x080032d8                DMA_Init
 .text.DMA_StructInit
                0x08003388       0x8c ..\obj\stm32f4xx_dma.o
                0x08003388                DMA_StructInit
 .text.DMA_Cmd  0x08003414       0x38 ..\obj\stm32f4xx_dma.o
                0x08003414                DMA_Cmd
 .text.EXTI_Init
                0x0800344c      0x138 ..\obj\stm32f4xx_exti.o
                0x0800344c                EXTI_Init
 .text.EXTI_GetITStatus
                0x08003584       0x58 ..\obj\stm32f4xx_exti.o
                0x08003584                EXTI_GetITStatus
 .text.EXTI_ClearITPendingBit
                0x080035dc       0x20 ..\obj\stm32f4xx_exti.o
                0x080035dc                EXTI_ClearITPendingBit
 .text.NVIC_Init
                0x080035fc       0xe4 ..\obj\misc.o
                0x080035fc                NVIC_Init
 .text.TM_GPIO_Init
                0x080036e0       0x3c ..\obj\tm_stm32f4_gpio.o
                0x080036e0                TM_GPIO_Init
 .text.TM_GPIO_GetPortSource
                0x0800371c       0x24 ..\obj\tm_stm32f4_gpio.o
                0x0800371c                TM_GPIO_GetPortSource
 .text.TM_GPIO_INT_EnableClock
                0x08003740       0x38 ..\obj\tm_stm32f4_gpio.o
                0x08003740                TM_GPIO_INT_EnableClock
 .text.TM_GPIO_INT_Init
                0x08003778      0x12c ..\obj\tm_stm32f4_gpio.o
                0x08003778                TM_GPIO_INT_Init
 .text.TIM_TimeBaseInit
                0x080038a4       0xf4 ..\obj\stm32f4xx_tim.o
                0x080038a4                TIM_TimeBaseInit
 .text.TIM_SetCounter
                0x08003998       0x1c ..\obj\stm32f4xx_tim.o
                0x08003998                TIM_SetCounter
 .text.TIM_GetCounter
                0x080039b4       0x18 ..\obj\stm32f4xx_tim.o
                0x080039b4                TIM_GetCounter
 .text.TIM_Cmd  0x080039cc       0x40 ..\obj\stm32f4xx_tim.o
                0x080039cc                TIM_Cmd
 .text.TIM_OC1Init
                0x08003a0c       0xfc ..\obj\stm32f4xx_tim.o
                0x08003a0c                TIM_OC1Init
 .text.TIM_OC2Init
                0x08003b08      0x128 ..\obj\stm32f4xx_tim.o
                0x08003b08                TIM_OC2Init
 .text.TIM_OC3Init
                0x08003c30      0x120 ..\obj\stm32f4xx_tim.o
                0x08003c30                TIM_OC3Init
 .text.TIM_OC1PreloadConfig
                0x08003d50       0x38 ..\obj\stm32f4xx_tim.o
                0x08003d50                TIM_OC1PreloadConfig
 .text.TIM_OC2PreloadConfig
                0x08003d88       0x40 ..\obj\stm32f4xx_tim.o
                0x08003d88                TIM_OC2PreloadConfig
 .text.TIM_OC3PreloadConfig
                0x08003dc8       0x38 ..\obj\stm32f4xx_tim.o
                0x08003dc8                TIM_OC3PreloadConfig
 .text.TIM_GetFlagStatus
                0x08003e00       0x40 ..\obj\stm32f4xx_tim.o
                0x08003e00                TIM_GetFlagStatus
 .text.TIM_ClearFlag
                0x08003e40       0x24 ..\obj\stm32f4xx_tim.o
                0x08003e40                TIM_ClearFlag
 .text          0x08003e64      0x370 c:/program files (x86)/gnu tools arm embedded/4.7 2013q3/bin/../lib/gcc/arm-none-eabi/4.7.4/armv7e-m\libgcc.a(_arm_addsubdf3.o)
                0x08003e64                __aeabi_drsub
                0x08003e6c                __aeabi_dsub
                0x08003e6c                __subdf3
                0x08003e70                __aeabi_dadd
                0x08003e70                __adddf3
                0x080040e8                __floatunsidf
                0x080040e8                __aeabi_ui2d
                0x08004108                __floatsidf
                0x08004108                __aeabi_i2d
                0x0800412c                __aeabi_f2d
                0x0800412c                __extendsfdf2
                0x08004168                __floatundidf
                0x08004168                __aeabi_ul2d
                0x08004178                __floatdidf
                0x08004178                __aeabi_l2d
 .text          0x080041d4      0x424 c:/program files (x86)/gnu tools arm embedded/4.7 2013q3/bin/../lib/gcc/arm-none-eabi/4.7.4/armv7e-m\libgcc.a(_arm_muldivdf3.o)
                0x080041d4                __aeabi_dmul
                0x080041d4                __muldf3
                0x08004428                __divdf3
                0x08004428                __aeabi_ddiv
 .text          0x080045f8      0x110 c:/program files (x86)/gnu tools arm embedded/4.7 2013q3/bin/../lib/gcc/arm-none-eabi/4.7.4/armv7e-m\libgcc.a(_arm_cmpdf2.o)
                0x080045f8                __gtdf2
                0x080045f8                __gedf2
                0x08004600                __ltdf2
                0x08004600                __ledf2
                0x08004608                __nedf2
                0x08004608                __eqdf2
                0x08004608                __cmpdf2
                0x08004684                __aeabi_cdrcmple
                0x08004694                __aeabi_cdcmpeq
                0x08004694                __aeabi_cdcmple
                0x080046a4                __aeabi_dcmpeq
                0x080046b8                __aeabi_dcmplt
                0x080046cc                __aeabi_dcmple
                0x080046e0                __aeabi_dcmpge
                0x080046f4                __aeabi_dcmpgt
 .text          0x08004708       0x40 c:/program files (x86)/gnu tools arm embedded/4.7 2013q3/bin/../lib/gcc/arm-none-eabi/4.7.4/armv7e-m\libgcc.a(_arm_fixunsdfsi.o)
                0x08004708                __aeabi_d2uiz
                0x08004708                __fixunsdfsi
 .text._malloc_r
                0x08004748      0x55c c:/program files (x86)/gnu tools arm embedded/4.7 2013q3/bin/../lib/gcc/arm-none-eabi/4.7.4/../../../../arm-none-eabi/lib/armv7e-m\libg.a(lib_a-mallocr.o)
                0x08004748                _malloc_r
 .text.__malloc_lock
                0x08004ca4        0x4 c:/program files (x86)/gnu tools arm embedded/4.7 2013q3/bin/../lib/gcc/arm-none-eabi/4.7.4/../../../../arm-none-eabi/lib/armv7e-m\libg.a(lib_a-mlock.o)
                0x08004ca4                __malloc_lock
 .text.__malloc_unlock
                0x08004ca8        0x4 c:/program files (x86)/gnu tools arm embedded/4.7 2013q3/bin/../lib/gcc/arm-none-eabi/4.7.4/../../../../arm-none-eabi/lib/armv7e-m\libg.a(lib_a-mlock.o)
                0x08004ca8                __malloc_unlock
 .text._sbrk_r  0x08004cac       0x24 c:/program files (x86)/gnu tools arm embedded/4.7 2013q3/bin/../lib/gcc/arm-none-eabi/4.7.4/../../../../arm-none-eabi/lib/armv7e-m\libg.a(lib_a-sbrkr.o)
                0x08004cac                _sbrk_r
 .text.snprintf
                0x08004cd0       0x68 c:/program files (x86)/gnu tools arm embedded/4.7 2013q3/bin/../lib/gcc/arm-none-eabi/4.7.4/../../../../arm-none-eabi/lib/armv7e-m\libg.a(lib_a-snprintf.o)
                0x08004cd0                snprintf
 .text._svfprintf_r
                0x08004d38     0x1adc c:/program files (x86)/gnu tools arm embedded/4.7 2013q3/bin/../lib/gcc/arm-none-eabi/4.7.4/../../../../arm-none-eabi/lib/armv7e-m\libg.a(lib_a-svfprintf.o)
                0x08004d38                _svfprintf_r
 .text.quorem   0x08006814      0x2ec c:/program files (x86)/gnu tools arm embedded/4.7 2013q3/bin/../lib/gcc/arm-none-eabi/4.7.4/../../../../arm-none-eabi/lib/armv7e-m\libg.a(lib_a-dtoa.o)
 .text._dtoa_r  0x08006b00     0x1258 c:/program files (x86)/gnu tools arm embedded/4.7 2013q3/bin/../lib/gcc/arm-none-eabi/4.7.4/../../../../arm-none-eabi/lib/armv7e-m\libg.a(lib_a-dtoa.o)
                0x08006b00                _dtoa_r
 .text._malloc_trim_r
                0x08007d58       0x98 c:/program files (x86)/gnu tools arm embedded/4.7 2013q3/bin/../lib/gcc/arm-none-eabi/4.7.4/../../../../arm-none-eabi/lib/armv7e-m\libg.a(lib_a-freer.o)
                0x08007d58                _malloc_trim_r
 .text._free_r  0x08007df0      0x194 c:/program files (x86)/gnu tools arm embedded/4.7 2013q3/bin/../lib/gcc/arm-none-eabi/4.7.4/../../../../arm-none-eabi/lib/armv7e-m\libg.a(lib_a-freer.o)
                0x08007df0                _free_r
 .text._localeconv_r
                0x08007f84        0xc c:/program files (x86)/gnu tools arm embedded/4.7 2013q3/bin/../lib/gcc/arm-none-eabi/4.7.4/../../../../arm-none-eabi/lib/armv7e-m\libg.a(lib_a-locale.o)
                0x08007f84                _localeconv_r
 .text.memchr   0x08007f90      0x140 c:/program files (x86)/gnu tools arm embedded/4.7 2013q3/bin/../lib/gcc/arm-none-eabi/4.7.4/../../../../arm-none-eabi/lib/armv7e-m\libg.a(lib_a-memchr.o)
                0x08007f90                memchr
 .text.memcpy   0x080080d0      0x144 c:/program files (x86)/gnu tools arm embedded/4.7 2013q3/bin/../lib/gcc/arm-none-eabi/4.7.4/../../../../arm-none-eabi/lib/armv7e-m\libg.a(lib_a-memcpy.o)
                0x080080d0                memcpy
 .text._Balloc  0x08008214       0x4c c:/program files (x86)/gnu tools arm embedded/4.7 2013q3/bin/../lib/gcc/arm-none-eabi/4.7.4/../../../../arm-none-eabi/lib/armv7e-m\libg.a(lib_a-mprec.o)
                0x08008214                _Balloc
 .text._Bfree   0x08008260       0x14 c:/program files (x86)/gnu tools arm embedded/4.7 2013q3/bin/../lib/gcc/arm-none-eabi/4.7.4/../../../../arm-none-eabi/lib/armv7e-m\libg.a(lib_a-mprec.o)
                0x08008260                _Bfree
 .text.__multadd
                0x08008274       0xf8 c:/program files (x86)/gnu tools arm embedded/4.7 2013q3/bin/../lib/gcc/arm-none-eabi/4.7.4/../../../../arm-none-eabi/lib/armv7e-m\libg.a(lib_a-mprec.o)
                0x08008274                __multadd
 .text.__hi0bits
                0x0800836c       0x3c c:/program files (x86)/gnu tools arm embedded/4.7 2013q3/bin/../lib/gcc/arm-none-eabi/4.7.4/../../../../arm-none-eabi/lib/armv7e-m\libg.a(lib_a-mprec.o)
                0x0800836c                __hi0bits
 .text.__lo0bits
                0x080083a8       0x5c c:/program files (x86)/gnu tools arm embedded/4.7 2013q3/bin/../lib/gcc/arm-none-eabi/4.7.4/../../../../arm-none-eabi/lib/armv7e-m\libg.a(lib_a-mprec.o)
                0x080083a8                __lo0bits
 .text.__i2b    0x08008404       0x14 c:/program files (x86)/gnu tools arm embedded/4.7 2013q3/bin/../lib/gcc/arm-none-eabi/4.7.4/../../../../arm-none-eabi/lib/armv7e-m\libg.a(lib_a-mprec.o)
                0x08008404                __i2b
 .text.__multiply
                0x08008418      0x2d0 c:/program files (x86)/gnu tools arm embedded/4.7 2013q3/bin/../lib/gcc/arm-none-eabi/4.7.4/../../../../arm-none-eabi/lib/armv7e-m\libg.a(lib_a-mprec.o)
                0x08008418                __multiply
 .text.__pow5mult
                0x080086e8       0x94 c:/program files (x86)/gnu tools arm embedded/4.7 2013q3/bin/../lib/gcc/arm-none-eabi/4.7.4/../../../../arm-none-eabi/lib/armv7e-m\libg.a(lib_a-mprec.o)
                0x080086e8                __pow5mult
 .text.__lshift
                0x0800877c      0x188 c:/program files (x86)/gnu tools arm embedded/4.7 2013q3/bin/../lib/gcc/arm-none-eabi/4.7.4/../../../../arm-none-eabi/lib/armv7e-m\libg.a(lib_a-mprec.o)
                0x0800877c                __lshift
 .text.__mcmp   0x08008904       0x5c c:/program files (x86)/gnu tools arm embedded/4.7 2013q3/bin/../lib/gcc/arm-none-eabi/4.7.4/../../../../arm-none-eabi/lib/armv7e-m\libg.a(lib_a-mprec.o)
                0x08008904                __mcmp
 .text.__mdiff  0x08008960      0x20c c:/program files (x86)/gnu tools arm embedded/4.7 2013q3/bin/../lib/gcc/arm-none-eabi/4.7.4/../../../../arm-none-eabi/lib/armv7e-m\libg.a(lib_a-mprec.o)
                0x08008960                __mdiff
 .text.__d2b    0x08008b6c       0xc0 c:/program files (x86)/gnu tools arm embedded/4.7 2013q3/bin/../lib/gcc/arm-none-eabi/4.7.4/../../../../arm-none-eabi/lib/armv7e-m\libg.a(lib_a-mprec.o)
                0x08008b6c                __d2b
 .text.__fpclassifyd
                0x08008c2c       0x68 c:/program files (x86)/gnu tools arm embedded/4.7 2013q3/bin/../lib/gcc/arm-none-eabi/4.7.4/../../../../arm-none-eabi/lib/armv7e-m\libg.a(lib_a-s_fpclassify.o)
                0x08008c2c                __fpclassifyd
 .text.strlen   0x08008c94       0x60 c:/program files (x86)/gnu tools arm embedded/4.7 2013q3/bin/../lib/gcc/arm-none-eabi/4.7.4/../../../../arm-none-eabi/lib/armv7e-m\libg.a(lib_a-strlen.o)
                0x08008c94                strlen
 .text.__ssprint_r
                0x08008cf4      0x100 c:/program files (x86)/gnu tools arm embedded/4.7 2013q3/bin/../lib/gcc/arm-none-eabi/4.7.4/../../../../arm-none-eabi/lib/armv7e-m\libg.a(lib_a-svfiprintf.o)
                0x08008cf4                __ssprint_r
 .text._calloc_r
                0x08008df4       0x60 c:/program files (x86)/gnu tools arm embedded/4.7 2013q3/bin/../lib/gcc/arm-none-eabi/4.7.4/../../../../arm-none-eabi/lib/armv7e-m\libg.a(lib_a-callocr.o)
                0x08008df4                _calloc_r
 .text.memmove  0x08008e54      0x198 c:/program files (x86)/gnu tools arm embedded/4.7 2013q3/bin/../lib/gcc/arm-none-eabi/4.7.4/../../../../arm-none-eabi/lib/armv7e-m\libg.a(lib_a-memmove.o)
                0x08008e54                memmove
 .text.memset   0x08008fec      0x12c c:/program files (x86)/gnu tools arm embedded/4.7 2013q3/bin/../lib/gcc/arm-none-eabi/4.7.4/../../../../arm-none-eabi/lib/armv7e-m\libg.a(lib_a-memset.o)
                0x08008fec                memset
 .text._realloc_r
                0x08009118      0x3dc c:/program files (x86)/gnu tools arm embedded/4.7 2013q3/bin/../lib/gcc/arm-none-eabi/4.7.4/../../../../arm-none-eabi/lib/armv7e-m\libg.a(lib_a-reallocr.o)
                0x08009118                _realloc_r
 .text          0x080094f4       0x50 c:/program files (x86)/gnu tools arm embedded/4.7 2013q3/bin/../lib/gcc/arm-none-eabi/4.7.4/armv7e-m\libgcc.a(_arm_fixdfsi.o)
                0x080094f4                __aeabi_d2iz
                0x080094f4                __fixdfsi
 .text          0x08009544       0x2c c:/program files (x86)/gnu tools arm embedded/4.7 2013q3/bin/../lib/gcc/arm-none-eabi/4.7.4/armv7e-m\libgcc.a(_aeabi_uldivmod.o)
                0x08009544                __aeabi_uldivmod
 .text          0x08009570       0x58 c:/program files (x86)/gnu tools arm embedded/4.7 2013q3/bin/../lib/gcc/arm-none-eabi/4.7.4/armv7e-m\libgcc.a(bpabi.o)
                0x08009570                __gnu_ldivmod_helper
                0x0800959c                __gnu_uldivmod_helper
 .text          0x080095c8        0x4 c:/program files (x86)/gnu tools arm embedded/4.7 2013q3/bin/../lib/gcc/arm-none-eabi/4.7.4/armv7e-m\libgcc.a(_dvmd_tls.o)
                0x080095c8                __aeabi_idiv0
                0x080095c8                __aeabi_ldiv0
 .text          0x080095cc      0x2bc c:/program files (x86)/gnu tools arm embedded/4.7 2013q3/bin/../lib/gcc/arm-none-eabi/4.7.4/armv7e-m\libgcc.a(_divdi3.o)
                0x080095cc                __divdi3
 .text          0x08009888      0x288 c:/program files (x86)/gnu tools arm embedded/4.7 2013q3/bin/../lib/gcc/arm-none-eabi/4.7.4/armv7e-m\libgcc.a(_udivdi3.o)
                0x08009888                __udivdi3
 *(.glue_7t)
 .glue_7t       0x00000000        0x0 linker stubs
 *(.glue_7)
 .glue_7        0x00000000        0x0 linker stubs
 *(.rodata .rodata* .gnu.linkonce.r.*)
 .rodata        0x08009b10        0x4 ..\obj\tm_stm32f4_hd44780.o
 .rodata        0x08009b14        0x8 ..\obj\functions.o
 .rodata.str1.4
                0x08009b1c       0x42 c:/program files (x86)/gnu tools arm embedded/4.7 2013q3/bin/../lib/gcc/arm-none-eabi/4.7.4/../../../../arm-none-eabi/lib/armv7e-m\libg.a(lib_a-svfprintf.o)
                                 0x44 (size before relaxing)
 *fill*         0x08009b5e        0x2 00
 .rodata.zeroes.6721
                0x08009b60       0x10 c:/program files (x86)/gnu tools arm embedded/4.7 2013q3/bin/../lib/gcc/arm-none-eabi/4.7.4/../../../../arm-none-eabi/lib/armv7e-m\libg.a(lib_a-svfprintf.o)
 .rodata.blanks.6720
                0x08009b70       0x10 c:/program files (x86)/gnu tools arm embedded/4.7 2013q3/bin/../lib/gcc/arm-none-eabi/4.7.4/../../../../arm-none-eabi/lib/armv7e-m\libg.a(lib_a-svfprintf.o)
 .rodata.str1.4
                0x08009b80       0x10 c:/program files (x86)/gnu tools arm embedded/4.7 2013q3/bin/../lib/gcc/arm-none-eabi/4.7.4/../../../../arm-none-eabi/lib/armv7e-m\libg.a(lib_a-dtoa.o)
                                 0x14 (size before relaxing)
 .rodata.str1.4
                0x08009b90        0x2 c:/program files (x86)/gnu tools arm embedded/4.7 2013q3/bin/../lib/gcc/arm-none-eabi/4.7.4/../../../../arm-none-eabi/lib/armv7e-m\libg.a(lib_a-impure.o)
                                  0x4 (size before relaxing)
 *fill*         0x08009b92        0x2 00
 .rodata.str1.4
                0x08009b94        0xc c:/program files (x86)/gnu tools arm embedded/4.7 2013q3/bin/../lib/gcc/arm-none-eabi/4.7.4/../../../../arm-none-eabi/lib/armv7e-m\libg.a(lib_a-locale.o)
                                 0x14 (size before relaxing)
 .rodata.p05.5242
                0x08009ba0        0xc c:/program files (x86)/gnu tools arm embedded/4.7 2013q3/bin/../lib/gcc/arm-none-eabi/4.7.4/../../../../arm-none-eabi/lib/armv7e-m\libg.a(lib_a-mprec.o)
 *fill*         0x08009bac        0x4 00
 .rodata.__mprec_tens
                0x08009bb0       0xc8 c:/program files (x86)/gnu tools arm embedded/4.7 2013q3/bin/../lib/gcc/arm-none-eabi/4.7.4/../../../../arm-none-eabi/lib/armv7e-m\libg.a(lib_a-mprec.o)
                0x08009bb0                __mprec_tens
 .rodata.__mprec_bigtens
                0x08009c78       0x28 c:/program files (x86)/gnu tools arm embedded/4.7 2013q3/bin/../lib/gcc/arm-none-eabi/4.7.4/../../../../arm-none-eabi/lib/armv7e-m\libg.a(lib_a-mprec.o)
                0x08009c78                __mprec_bigtens

.vfp11_veneer   0x08009ca0        0x0
 .vfp11_veneer  0x00000000        0x0 linker stubs

.v4_bx          0x08009ca0        0x0
 .v4_bx         0x00000000        0x0 linker stubs

.iplt           0x08009ca0        0x0
 .iplt          0x00000000        0x0 ..\obj\stm32f4xx_syscfg.o

.ARM.extab
 *(.ARM.extab* .gnu.linkonce.armextab.*)
                0x08009ca0                __exidx_start = .

.ARM.exidx      0x08009ca0        0x8
 *(.ARM.exidx* .gnu.linkonce.armexidx.*)
 .ARM.exidx     0x08009ca0        0x8 c:/program files (x86)/gnu tools arm embedded/4.7 2013q3/bin/../lib/gcc/arm-none-eabi/4.7.4/armv7e-m\libgcc.a(_divdi3.o)
 .ARM.exidx     0x08009ca8        0x0 c:/program files (x86)/gnu tools arm embedded/4.7 2013q3/bin/../lib/gcc/arm-none-eabi/4.7.4/armv7e-m\libgcc.a(_udivdi3.o)
                                  0x8 (size before relaxing)
                0x08009ca8                __exidx_end = .

.rel.dyn        0x08009ca8        0x0
 .rel.iplt      0x00000000        0x0 ..\obj\stm32f4xx_syscfg.o
                0x08009ca8                . = ALIGN (0x4)
                0x08009ca8                _etext = .
                0x08009ca8                _sidata = .

.data           0x20000000      0x89c load address 0x08009ca8
                0x20000000                _sdata = .
 *(.data .data.*)
 .data          0x20000000       0x10 ..\obj\stm32f4xx_rcc.o
 .data          0x20000010       0x14 ..\obj\system_stm32f4xx.o
                0x20000010                SystemCoreClock
                0x20000014                AHBPrescTable
 .data.__malloc_av_
                0x20000024      0x408 c:/program files (x86)/gnu tools arm embedded/4.7 2013q3/bin/../lib/gcc/arm-none-eabi/4.7.4/../../../../arm-none-eabi/lib/armv7e-m\libg.a(lib_a-mallocr.o)
                0x20000024                __malloc_av_
 .data.__malloc_trim_threshold
                0x2000042c        0x4 c:/program files (x86)/gnu tools arm embedded/4.7 2013q3/bin/../lib/gcc/arm-none-eabi/4.7.4/../../../../arm-none-eabi/lib/armv7e-m\libg.a(lib_a-mallocr.o)
                0x2000042c                __malloc_trim_threshold
 .data.__malloc_sbrk_base
                0x20000430        0x4 c:/program files (x86)/gnu tools arm embedded/4.7 2013q3/bin/../lib/gcc/arm-none-eabi/4.7.4/../../../../arm-none-eabi/lib/armv7e-m\libg.a(lib_a-mallocr.o)
                0x20000430                __malloc_sbrk_base
 *fill*         0x20000434        0x4 00
 .data.impure_data
                0x20000438      0x428 c:/program files (x86)/gnu tools arm embedded/4.7 2013q3/bin/../lib/gcc/arm-none-eabi/4.7.4/../../../../arm-none-eabi/lib/armv7e-m\libg.a(lib_a-impure.o)
 .data._impure_ptr
                0x20000860        0x4 c:/program files (x86)/gnu tools arm embedded/4.7 2013q3/bin/../lib/gcc/arm-none-eabi/4.7.4/../../../../arm-none-eabi/lib/armv7e-m\libg.a(lib_a-impure.o)
                0x20000860                _impure_ptr
 .data.lconv    0x20000864       0x38 c:/program files (x86)/gnu tools arm embedded/4.7 2013q3/bin/../lib/gcc/arm-none-eabi/4.7.4/../../../../arm-none-eabi/lib/armv7e-m\libg.a(lib_a-locale.o)
                0x2000089c                . = ALIGN (0x4)
                0x2000089c                _edata = .

.igot.plt       0x2000089c        0x0 load address 0x0800a544
 .igot.plt      0x00000000        0x0 ..\obj\stm32f4xx_syscfg.o

.bss            0x200008a0      0x104 load address 0x0800a548
                0x200008a0                _sbss = .
 *(.bss .bss.*)
 .bss           0x200008a0        0x8 ..\obj\tm_stm32f4_hd44780.o
 .bss           0x200008a8       0x28 ..\obj\tm_stm32f4_delay.o
                0x200008a8                TM_TimingDelay
                0x200008ac                TM_Time
                0x200008b0                TM_Time2
                0x200008b4                TM_DELAY_Initialized
 .bss           0x200008d0        0x4 ..\obj\syscalls.o
 .bss           0x200008d4       0x18 ..\obj\tm_stm32f4_gpio.o
 .bss.__malloc_max_total_mem
                0x200008ec        0x4 c:/program files (x86)/gnu tools arm embedded/4.7 2013q3/bin/../lib/gcc/arm-none-eabi/4.7.4/../../../../arm-none-eabi/lib/armv7e-m\libg.a(lib_a-mallocr.o)
                0x200008ec                __malloc_max_total_mem
 .bss.__malloc_max_sbrked_mem
                0x200008f0        0x4 c:/program files (x86)/gnu tools arm embedded/4.7 2013q3/bin/../lib/gcc/arm-none-eabi/4.7.4/../../../../arm-none-eabi/lib/armv7e-m\libg.a(lib_a-mallocr.o)
                0x200008f0                __malloc_max_sbrked_mem
 .bss.__malloc_top_pad
                0x200008f4        0x4 c:/program files (x86)/gnu tools arm embedded/4.7 2013q3/bin/../lib/gcc/arm-none-eabi/4.7.4/../../../../arm-none-eabi/lib/armv7e-m\libg.a(lib_a-mallocr.o)
                0x200008f4                __malloc_top_pad
 .bss.__malloc_current_mallinfo
                0x200008f8       0x28 c:/program files (x86)/gnu tools arm embedded/4.7 2013q3/bin/../lib/gcc/arm-none-eabi/4.7.4/../../../../arm-none-eabi/lib/armv7e-m\libg.a(lib_a-mallocr.o)
                0x200008f8                __malloc_current_mallinfo
 *(COMMON)
 COMMON         0x20000920       0x7c ..\obj\main.o
                0x20000920                byteCounter
                0x20000922                u_value_int
                0x20000928                i_uchyb_suma
                0x20000930                offset_value
                0x20000938                counterAvg
                0x2000093a                RPM
                0x2000093c                direction
                0x20000940                currentLCD
                0x20000948                currentAvg
                0x20000950                indexx
                0x20000952                T2_mask
                0x20000954                T4_mask
                0x20000958                u_value
                0x20000960                usartData
                0x20000968                adcVal
                0x20000970                currentMeasured
                0x20000978                prev_direction
                0x2000097a                pwm_duty
                0x2000097c                T6_mask
                0x20000980                i_uchyb
                0x20000988                adcValue
                0x20000990                adcValMean
 COMMON         0x2000099c        0x4 ..\obj\tm_stm32f4_delay.o
                0x2000099c                mult
 COMMON         0x200009a0        0x4 c:/program files (x86)/gnu tools arm embedded/4.7 2013q3/bin/../lib/gcc/arm-none-eabi/4.7.4/../../../../arm-none-eabi/lib/armv7e-m\libg.a(lib_a-reent.o)
                0x200009a0                errno
                0x200009a4                . = ALIGN (0x4)
                0x200009a4                _ebss = .

.co_stack       0x200009a4      0x804 load address 0x0800a64c
                0x200009a8                . = ALIGN (0x8)
 *fill*         0x200009a4        0x4 00
 *(.co_stack .co_stack.*)
 .co_stack      0x200009a8      0x800 ..\obj\startup_stm32f4xx.o
                0x200009a8                pulStack
                0x200011a8                . = ALIGN (0x4)
                0x200011a8                _end = .
LOAD ..\obj\stm32f4xx_syscfg.o
LOAD ..\obj\tm_stm32f4_hd44780.o
LOAD ..\obj\stm32f4xx_usart.o
LOAD ..\obj\startup_stm32f4xx.o
LOAD ..\obj\main.o
LOAD ..\obj\stm32f4xx_rcc.o
LOAD ..\obj\stm32f4xx_adc.o
LOAD ..\obj\tm_stm32f4_delay.o
LOAD ..\obj\functions.o
LOAD ..\obj\stm32f4xx_gpio.o
LOAD ..\obj\system_stm32f4xx.o
LOAD ..\obj\syscalls.o
LOAD ..\obj\stm32f4xx_dma.o
LOAD ..\obj\stm32f4xx_exti.o
LOAD ..\obj\misc.o
LOAD ..\obj\tm_stm32f4_gpio.o
LOAD ..\obj\tm_stm32f4_timer_properties.o
LOAD ..\obj\stm32f4xx_tim.o
START GROUP
LOAD c:/program files (x86)/gnu tools arm embedded/4.7 2013q3/bin/../lib/gcc/arm-none-eabi/4.7.4/armv7e-m\libgcc.a
LOAD c:/program files (x86)/gnu tools arm embedded/4.7 2013q3/bin/../lib/gcc/arm-none-eabi/4.7.4/../../../../arm-none-eabi/lib/armv7e-m\libg.a
LOAD c:/program files (x86)/gnu tools arm embedded/4.7 2013q3/bin/../lib/gcc/arm-none-eabi/4.7.4/../../../../arm-none-eabi/lib/armv7e-m\libc.a
END GROUP
OUTPUT(STM_bldc_1.elf elf32-littlearm)

.debug_info     0x00000000     0x9d97
 .debug_info    0x00000000      0x279 ..\obj\stm32f4xx_syscfg.o
 .debug_info    0x00000279      0x58b ..\obj\tm_stm32f4_hd44780.o
 .debug_info    0x00000804      0xa65 ..\obj\stm32f4xx_usart.o
 .debug_info    0x00001269      0x103 ..\obj\startup_stm32f4xx.o
 .debug_info    0x0000136c      0x7f9 ..\obj\main.o
 .debug_info    0x00001b65      0xd49 ..\obj\stm32f4xx_rcc.o
 .debug_info    0x000028ae      0xd14 ..\obj\stm32f4xx_adc.o
 .debug_info    0x000035c2      0xaa4 ..\obj\tm_stm32f4_delay.o
 .debug_info    0x00004066     0x14ef ..\obj\functions.o
 .debug_info    0x00005555      0x640 ..\obj\stm32f4xx_gpio.o
 .debug_info    0x00005b95      0x5f5 ..\obj\system_stm32f4xx.o
 .debug_info    0x0000618a      0x443 ..\obj\syscalls.o
 .debug_info    0x000065cd      0x7af ..\obj\stm32f4xx_dma.o
 .debug_info    0x00006d7c      0x373 ..\obj\stm32f4xx_exti.o
 .debug_info    0x000070ef      0x592 ..\obj\misc.o
 .debug_info    0x00007681      0x899 ..\obj\tm_stm32f4_gpio.o
 .debug_info    0x00007f1a     0x1e7d ..\obj\stm32f4xx_tim.o

.debug_abbrev   0x00000000     0x199d
 .debug_abbrev  0x00000000      0x133 ..\obj\stm32f4xx_syscfg.o
 .debug_abbrev  0x00000133      0x1a8 ..\obj\tm_stm32f4_hd44780.o
 .debug_abbrev  0x000002db      0x157 ..\obj\stm32f4xx_usart.o
 .debug_abbrev  0x00000432       0xb2 ..\obj\startup_stm32f4xx.o
 .debug_abbrev  0x000004e4      0x15a ..\obj\main.o
 .debug_abbrev  0x0000063e      0x1e5 ..\obj\stm32f4xx_rcc.o
 .debug_abbrev  0x00000823      0x198 ..\obj\stm32f4xx_adc.o
 .debug_abbrev  0x000009bb      0x2a8 ..\obj\tm_stm32f4_delay.o
 .debug_abbrev  0x00000c63      0x278 ..\obj\functions.o
 .debug_abbrev  0x00000edb      0x1a5 ..\obj\stm32f4xx_gpio.o
 .debug_abbrev  0x00001080      0x138 ..\obj\system_stm32f4xx.o
 .debug_abbrev  0x000011b8       0xe4 ..\obj\syscalls.o
 .debug_abbrev  0x0000129c      0x157 ..\obj\stm32f4xx_dma.o
 .debug_abbrev  0x000013f3      0x1a7 ..\obj\stm32f4xx_exti.o
 .debug_abbrev  0x0000159a      0x129 ..\obj\misc.o
 .debug_abbrev  0x000016c3      0x151 ..\obj\tm_stm32f4_gpio.o
 .debug_abbrev  0x00001814      0x189 ..\obj\stm32f4xx_tim.o

.debug_loc      0x00000000     0x499c
 .debug_loc     0x00000000      0x144 ..\obj\stm32f4xx_syscfg.o
 .debug_loc     0x00000144      0x3bc ..\obj\tm_stm32f4_hd44780.o
 .debug_loc     0x00000500      0x658 ..\obj\stm32f4xx_usart.o
 .debug_loc     0x00000b58       0x64 ..\obj\startup_stm32f4xx.o
 .debug_loc     0x00000bbc       0x72 ..\obj\main.o
 .debug_loc     0x00000c2e      0x97c ..\obj\stm32f4xx_rcc.o
 .debug_loc     0x000015aa      0x838 ..\obj\stm32f4xx_adc.o
 .debug_loc     0x00001de2      0x2b4 ..\obj\tm_stm32f4_delay.o
 .debug_loc     0x00002096      0x4da ..\obj\functions.o
 .debug_loc     0x00002570      0x310 ..\obj\stm32f4xx_gpio.o
 .debug_loc     0x00002880       0x9c ..\obj\system_stm32f4xx.o
 .debug_loc     0x0000291c      0x1ec ..\obj\syscalls.o
 .debug_loc     0x00002b08      0x428 ..\obj\stm32f4xx_dma.o
 .debug_loc     0x00002f30      0x1b4 ..\obj\stm32f4xx_exti.o
 .debug_loc     0x000030e4      0x118 ..\obj\misc.o
 .debug_loc     0x000031fc      0x380 ..\obj\tm_stm32f4_gpio.o
 .debug_loc     0x0000357c     0x1420 ..\obj\stm32f4xx_tim.o

.debug_aranges  0x00000000      0xc48
 .debug_aranges
                0x00000000       0x48 ..\obj\stm32f4xx_syscfg.o
 .debug_aranges
                0x00000048       0xb0 ..\obj\tm_stm32f4_hd44780.o
 .debug_aranges
                0x000000f8      0x100 ..\obj\stm32f4xx_usart.o
 .debug_aranges
                0x000001f8       0x28 ..\obj\startup_stm32f4xx.o
 .debug_aranges
                0x00000220       0x28 ..\obj\main.o
 .debug_aranges
                0x00000248      0x178 ..\obj\stm32f4xx_rcc.o
 .debug_aranges
                0x000003c0      0x148 ..\obj\stm32f4xx_adc.o
 .debug_aranges
                0x00000508       0x80 ..\obj\tm_stm32f4_delay.o
 .debug_aranges
                0x00000588       0xd0 ..\obj\functions.o
 .debug_aranges
                0x00000658       0x88 ..\obj\stm32f4xx_gpio.o
 .debug_aranges
                0x000006e0       0x30 ..\obj\system_stm32f4xx.o
 .debug_aranges
                0x00000710       0x60 ..\obj\syscalls.o
 .debug_aranges
                0x00000770       0xb0 ..\obj\stm32f4xx_dma.o
 .debug_aranges
                0x00000820       0x58 ..\obj\stm32f4xx_exti.o
 .debug_aranges
                0x00000878       0x40 ..\obj\misc.o
 .debug_aranges
                0x000008b8       0x98 ..\obj\tm_stm32f4_gpio.o
 .debug_aranges
                0x00000950      0x2f8 ..\obj\stm32f4xx_tim.o

.debug_ranges   0x00000000      0xb38
 .debug_ranges  0x00000000       0x38 ..\obj\stm32f4xx_syscfg.o
 .debug_ranges  0x00000038       0xa0 ..\obj\tm_stm32f4_hd44780.o
 .debug_ranges  0x000000d8       0xf0 ..\obj\stm32f4xx_usart.o
 .debug_ranges  0x000001c8       0x18 ..\obj\startup_stm32f4xx.o
 .debug_ranges  0x000001e0       0x18 ..\obj\main.o
 .debug_ranges  0x000001f8      0x168 ..\obj\stm32f4xx_rcc.o
 .debug_ranges  0x00000360      0x138 ..\obj\stm32f4xx_adc.o
 .debug_ranges  0x00000498       0x70 ..\obj\tm_stm32f4_delay.o
 .debug_ranges  0x00000508       0xc0 ..\obj\functions.o
 .debug_ranges  0x000005c8       0x78 ..\obj\stm32f4xx_gpio.o
 .debug_ranges  0x00000640       0x20 ..\obj\system_stm32f4xx.o
 .debug_ranges  0x00000660       0x50 ..\obj\syscalls.o
 .debug_ranges  0x000006b0       0xa0 ..\obj\stm32f4xx_dma.o
 .debug_ranges  0x00000750       0x48 ..\obj\stm32f4xx_exti.o
 .debug_ranges  0x00000798       0x30 ..\obj\misc.o
 .debug_ranges  0x000007c8       0x88 ..\obj\tm_stm32f4_gpio.o
 .debug_ranges  0x00000850      0x2e8 ..\obj\stm32f4xx_tim.o

.debug_line     0x00000000     0x403d
 .debug_line    0x00000000      0x200 ..\obj\stm32f4xx_syscfg.o
 .debug_line    0x00000200      0x46f ..\obj\tm_stm32f4_hd44780.o
 .debug_line    0x0000066f      0x493 ..\obj\stm32f4xx_usart.o
 .debug_line    0x00000b02       0xa8 ..\obj\startup_stm32f4xx.o
 .debug_line    0x00000baa      0x30d ..\obj\main.o
 .debug_line    0x00000eb7      0x58a ..\obj\stm32f4xx_rcc.o
 .debug_line    0x00001441      0x543 ..\obj\stm32f4xx_adc.o
 .debug_line    0x00001984      0x35a ..\obj\tm_stm32f4_delay.o
 .debug_line    0x00001cde      0x672 ..\obj\functions.o
 .debug_line    0x00002350      0x32e ..\obj\stm32f4xx_gpio.o
 .debug_line    0x0000267e      0x1ca ..\obj\system_stm32f4xx.o
 .debug_line    0x00002848      0x1a9 ..\obj\syscalls.o
 .debug_line    0x000029f1      0x3cb ..\obj\stm32f4xx_dma.o
 .debug_line    0x00002dbc      0x294 ..\obj\stm32f4xx_exti.o
 .debug_line    0x00003050      0x234 ..\obj\misc.o
 .debug_line    0x00003284      0x351 ..\obj\tm_stm32f4_gpio.o
 .debug_line    0x000035d5      0xa68 ..\obj\stm32f4xx_tim.o

.debug_str      0x00000000     0x3c3d
 .debug_str     0x00000000      0x25c ..\obj\stm32f4xx_syscfg.o
                                0x2a9 (size before relaxing)
 .debug_str     0x0000025c      0x386 ..\obj\tm_stm32f4_hd44780.o
                                0x499 (size before relaxing)
 .debug_str     0x000005e2      0x4dd ..\obj\stm32f4xx_usart.o
                                0x639 (size before relaxing)
 .debug_str     0x00000abf       0xb7 ..\obj\startup_stm32f4xx.o
                                0x11b (size before relaxing)
 .debug_str     0x00000b76      0x264 ..\obj\main.o
                                0x41b (size before relaxing)
 .debug_str     0x00000dda      0x5ea ..\obj\stm32f4xx_rcc.o
                                0x7fa (size before relaxing)
 .debug_str     0x000013c4      0x5e9 ..\obj\stm32f4xx_adc.o
                                0x7ae (size before relaxing)
 .debug_str     0x000019ad      0x7e1 ..\obj\tm_stm32f4_delay.o
                                0x97c (size before relaxing)
 .debug_str     0x0000218e      0x6b0 ..\obj\functions.o
                               0x11c9 (size before relaxing)
 .debug_str     0x0000283e      0x17e ..\obj\stm32f4xx_gpio.o
                                0x44d (size before relaxing)
 .debug_str     0x000029bc       0xbb ..\obj\system_stm32f4xx.o
                                0x354 (size before relaxing)
 .debug_str     0x00002a77      0x16a ..\obj\syscalls.o
                                0x2b0 (size before relaxing)
 .debug_str     0x00002be1      0x26e ..\obj\stm32f4xx_dma.o
                                0x4f6 (size before relaxing)
 .debug_str     0x00002e4f       0xf7 ..\obj\stm32f4xx_exti.o
                                0x318 (size before relaxing)
 .debug_str     0x00002f46      0x103 ..\obj\misc.o
                                0x383 (size before relaxing)
 .debug_str     0x00003049      0x1ef ..\obj\tm_stm32f4_gpio.o
                                0x559 (size before relaxing)
 .debug_str     0x00003238      0xa05 ..\obj\stm32f4xx_tim.o
                                0xd7a (size before relaxing)

.comment        0x00000000       0x70
 .comment       0x00000000       0x70 ..\obj\stm32f4xx_syscfg.o
                                 0x71 (size before relaxing)
 .comment       0x00000000       0x71 ..\obj\tm_stm32f4_hd44780.o
 .comment       0x00000000       0x71 ..\obj\stm32f4xx_usart.o
 .comment       0x00000000       0x71 ..\obj\startup_stm32f4xx.o
 .comment       0x00000000       0x71 ..\obj\main.o
 .comment       0x00000000       0x71 ..\obj\stm32f4xx_rcc.o
 .comment       0x00000000       0x71 ..\obj\stm32f4xx_adc.o
 .comment       0x00000000       0x71 ..\obj\tm_stm32f4_delay.o
 .comment       0x00000000       0x71 ..\obj\functions.o
 .comment       0x00000000       0x71 ..\obj\stm32f4xx_gpio.o
 .comment       0x00000000       0x71 ..\obj\system_stm32f4xx.o
 .comment       0x00000000       0x71 ..\obj\syscalls.o
 .comment       0x00000000       0x71 ..\obj\stm32f4xx_dma.o
 .comment       0x00000000       0x71 ..\obj\stm32f4xx_exti.o
 .comment       0x00000000       0x71 ..\obj\misc.o
 .comment       0x00000000       0x71 ..\obj\tm_stm32f4_gpio.o
 .comment       0x00000000       0x71 ..\obj\stm32f4xx_tim.o

.ARM.attributes
                0x00000000       0x33
 .ARM.attributes
                0x00000000       0x33 ..\obj\stm32f4xx_syscfg.o
 .ARM.attributes
                0x00000033       0x33 ..\obj\tm_stm32f4_hd44780.o
 .ARM.attributes
                0x00000066       0x33 ..\obj\stm32f4xx_usart.o
 .ARM.attributes
                0x00000099       0x33 ..\obj\startup_stm32f4xx.o
 .ARM.attributes
                0x000000cc       0x33 ..\obj\main.o
 .ARM.attributes
                0x000000ff       0x33 ..\obj\stm32f4xx_rcc.o
 .ARM.attributes
                0x00000132       0x33 ..\obj\stm32f4xx_adc.o
 .ARM.attributes
                0x00000165       0x33 ..\obj\tm_stm32f4_delay.o
 .ARM.attributes
                0x00000198       0x33 ..\obj\functions.o
 .ARM.attributes
                0x000001cb       0x33 ..\obj\stm32f4xx_gpio.o
 .ARM.attributes
                0x000001fe       0x33 ..\obj\system_stm32f4xx.o
 .ARM.attributes
                0x00000231       0x33 ..\obj\syscalls.o
 .ARM.attributes
                0x00000264       0x33 ..\obj\stm32f4xx_dma.o
 .ARM.attributes
                0x00000297       0x33 ..\obj\stm32f4xx_exti.o
 .ARM.attributes
                0x000002ca       0x33 ..\obj\misc.o
 .ARM.attributes
                0x000002fd       0x33 ..\obj\tm_stm32f4_gpio.o
 .ARM.attributes
                0x00000330       0x33 ..\obj\stm32f4xx_tim.o
 .ARM.attributes
                0x00000363       0x1e c:/program files (x86)/gnu tools arm embedded/4.7 2013q3/bin/../lib/gcc/arm-none-eabi/4.7.4/armv7e-m\libgcc.a(_arm_addsubdf3.o)
 .ARM.attributes
                0x00000381       0x1e c:/program files (x86)/gnu tools arm embedded/4.7 2013q3/bin/../lib/gcc/arm-none-eabi/4.7.4/armv7e-m\libgcc.a(_arm_muldivdf3.o)
 .ARM.attributes
                0x0000039f       0x1e c:/program files (x86)/gnu tools arm embedded/4.7 2013q3/bin/../lib/gcc/arm-none-eabi/4.7.4/armv7e-m\libgcc.a(_arm_cmpdf2.o)
 .ARM.attributes
                0x000003bd       0x1e c:/program files (x86)/gnu tools arm embedded/4.7 2013q3/bin/../lib/gcc/arm-none-eabi/4.7.4/armv7e-m\libgcc.a(_arm_fixunsdfsi.o)
 .ARM.attributes
                0x000003db       0x2e c:/program files (x86)/gnu tools arm embedded/4.7 2013q3/bin/../lib/gcc/arm-none-eabi/4.7.4/../../../../arm-none-eabi/lib/armv7e-m\libg.a(lib_a-mallocr.o)
 .ARM.attributes
                0x00000409       0x2e c:/program files (x86)/gnu tools arm embedded/4.7 2013q3/bin/../lib/gcc/arm-none-eabi/4.7.4/../../../../arm-none-eabi/lib/armv7e-m\libg.a(lib_a-mlock.o)
 .ARM.attributes
                0x00000437       0x2e c:/program files (x86)/gnu tools arm embedded/4.7 2013q3/bin/../lib/gcc/arm-none-eabi/4.7.4/../../../../arm-none-eabi/lib/armv7e-m\libg.a(lib_a-sbrkr.o)
 .ARM.attributes
                0x00000465       0x2e c:/program files (x86)/gnu tools arm embedded/4.7 2013q3/bin/../lib/gcc/arm-none-eabi/4.7.4/../../../../arm-none-eabi/lib/armv7e-m\libg.a(lib_a-snprintf.o)
 .ARM.attributes
                0x00000493       0x2e c:/program files (x86)/gnu tools arm embedded/4.7 2013q3/bin/../lib/gcc/arm-none-eabi/4.7.4/../../../../arm-none-eabi/lib/armv7e-m\libg.a(lib_a-svfprintf.o)
 .ARM.attributes
                0x000004c1       0x2e c:/program files (x86)/gnu tools arm embedded/4.7 2013q3/bin/../lib/gcc/arm-none-eabi/4.7.4/../../../../arm-none-eabi/lib/armv7e-m\libg.a(lib_a-dtoa.o)
 .ARM.attributes
                0x000004ef       0x2e c:/program files (x86)/gnu tools arm embedded/4.7 2013q3/bin/../lib/gcc/arm-none-eabi/4.7.4/../../../../arm-none-eabi/lib/armv7e-m\libg.a(lib_a-freer.o)
 .ARM.attributes
                0x0000051d       0x2e c:/program files (x86)/gnu tools arm embedded/4.7 2013q3/bin/../lib/gcc/arm-none-eabi/4.7.4/../../../../arm-none-eabi/lib/armv7e-m\libg.a(lib_a-impure.o)
 .ARM.attributes
                0x0000054b       0x2e c:/program files (x86)/gnu tools arm embedded/4.7 2013q3/bin/../lib/gcc/arm-none-eabi/4.7.4/../../../../arm-none-eabi/lib/armv7e-m\libg.a(lib_a-locale.o)
 .ARM.attributes
                0x00000579       0x2e c:/program files (x86)/gnu tools arm embedded/4.7 2013q3/bin/../lib/gcc/arm-none-eabi/4.7.4/../../../../arm-none-eabi/lib/armv7e-m\libg.a(lib_a-memchr.o)
 .ARM.attributes
                0x000005a7       0x2e c:/program files (x86)/gnu tools arm embedded/4.7 2013q3/bin/../lib/gcc/arm-none-eabi/4.7.4/../../../../arm-none-eabi/lib/armv7e-m\libg.a(lib_a-memcpy.o)
 .ARM.attributes
                0x000005d5       0x2e c:/program files (x86)/gnu tools arm embedded/4.7 2013q3/bin/../lib/gcc/arm-none-eabi/4.7.4/../../../../arm-none-eabi/lib/armv7e-m\libg.a(lib_a-mprec.o)
 .ARM.attributes
                0x00000603       0x2e c:/program files (x86)/gnu tools arm embedded/4.7 2013q3/bin/../lib/gcc/arm-none-eabi/4.7.4/../../../../arm-none-eabi/lib/armv7e-m\libg.a(lib_a-reent.o)
 .ARM.attributes
                0x00000631       0x2e c:/program files (x86)/gnu tools arm embedded/4.7 2013q3/bin/../lib/gcc/arm-none-eabi/4.7.4/../../../../arm-none-eabi/lib/armv7e-m\libg.a(lib_a-s_fpclassify.o)
 .ARM.attributes
                0x0000065f       0x2e c:/program files (x86)/gnu tools arm embedded/4.7 2013q3/bin/../lib/gcc/arm-none-eabi/4.7.4/../../../../arm-none-eabi/lib/armv7e-m\libg.a(lib_a-strlen.o)
 .ARM.attributes
                0x0000068d       0x2e c:/program files (x86)/gnu tools arm embedded/4.7 2013q3/bin/../lib/gcc/arm-none-eabi/4.7.4/../../../../arm-none-eabi/lib/armv7e-m\libg.a(lib_a-svfiprintf.o)
 .ARM.attributes
                0x000006bb       0x2e c:/program files (x86)/gnu tools arm embedded/4.7 2013q3/bin/../lib/gcc/arm-none-eabi/4.7.4/../../../../arm-none-eabi/lib/armv7e-m\libg.a(lib_a-callocr.o)
 .ARM.attributes
                0x000006e9       0x2e c:/program files (x86)/gnu tools arm embedded/4.7 2013q3/bin/../lib/gcc/arm-none-eabi/4.7.4/../../../../arm-none-eabi/lib/armv7e-m\libg.a(lib_a-memmove.o)
 .ARM.attributes
                0x00000717       0x2e c:/program files (x86)/gnu tools arm embedded/4.7 2013q3/bin/../lib/gcc/arm-none-eabi/4.7.4/../../../../arm-none-eabi/lib/armv7e-m\libg.a(lib_a-memset.o)
 .ARM.attributes
                0x00000745       0x2e c:/program files (x86)/gnu tools arm embedded/4.7 2013q3/bin/../lib/gcc/arm-none-eabi/4.7.4/../../../../arm-none-eabi/lib/armv7e-m\libg.a(lib_a-reallocr.o)
 .ARM.attributes
                0x00000773       0x1e c:/program files (x86)/gnu tools arm embedded/4.7 2013q3/bin/../lib/gcc/arm-none-eabi/4.7.4/armv7e-m\libgcc.a(_arm_fixdfsi.o)
 .ARM.attributes
                0x00000791       0x1e c:/program files (x86)/gnu tools arm embedded/4.7 2013q3/bin/../lib/gcc/arm-none-eabi/4.7.4/armv7e-m\libgcc.a(_aeabi_uldivmod.o)
 .ARM.attributes
                0x000007af       0x2e c:/program files (x86)/gnu tools arm embedded/4.7 2013q3/bin/../lib/gcc/arm-none-eabi/4.7.4/armv7e-m\libgcc.a(bpabi.o)
 .ARM.attributes
                0x000007dd       0x1e c:/program files (x86)/gnu tools arm embedded/4.7 2013q3/bin/../lib/gcc/arm-none-eabi/4.7.4/armv7e-m\libgcc.a(_dvmd_tls.o)
 .ARM.attributes
                0x000007fb       0x2e c:/program files (x86)/gnu tools arm embedded/4.7 2013q3/bin/../lib/gcc/arm-none-eabi/4.7.4/armv7e-m\libgcc.a(_divdi3.o)
 .ARM.attributes
                0x00000829       0x2e c:/program files (x86)/gnu tools arm embedded/4.7 2013q3/bin/../lib/gcc/arm-none-eabi/4.7.4/armv7e-m\libgcc.a(_udivdi3.o)

.debug_frame    0x00000000     0x2ec8
 .debug_frame   0x00000000       0xbc ..\obj\stm32f4xx_syscfg.o
 .debug_frame   0x000000bc      0x248 ..\obj\tm_stm32f4_hd44780.o
 .debug_frame   0x00000304      0x344 ..\obj\stm32f4xx_usart.o
 .debug_frame   0x00000648       0x48 ..\obj\startup_stm32f4xx.o
 .debug_frame   0x00000690       0x50 ..\obj\main.o
 .debug_frame   0x000006e0      0x4d8 ..\obj\stm32f4xx_rcc.o
 .debug_frame   0x00000bb8      0x434 ..\obj\stm32f4xx_adc.o
 .debug_frame   0x00000fec      0x184 ..\obj\tm_stm32f4_delay.o
 .debug_frame   0x00001170      0x2d8 ..\obj\functions.o
 .debug_frame   0x00001448      0x19c ..\obj\stm32f4xx_gpio.o
 .debug_frame   0x000015e4       0x64 ..\obj\system_stm32f4xx.o
 .debug_frame   0x00001648      0x108 ..\obj\syscalls.o
 .debug_frame   0x00001750      0x224 ..\obj\stm32f4xx_dma.o
 .debug_frame   0x00001974       0xec ..\obj\stm32f4xx_exti.o
 .debug_frame   0x00001a60       0x9c ..\obj\misc.o
 .debug_frame   0x00001afc      0x1f8 ..\obj\tm_stm32f4_gpio.o
 .debug_frame   0x00001cf4      0xa3c ..\obj\stm32f4xx_tim.o
 .debug_frame   0x00002730       0x38 c:/program files (x86)/gnu tools arm embedded/4.7 2013q3/bin/../lib/gcc/arm-none-eabi/4.7.4/../../../../arm-none-eabi/lib/armv7e-m\libg.a(lib_a-mallocr.o)
 .debug_frame   0x00002768       0x30 c:/program files (x86)/gnu tools arm embedded/4.7 2013q3/bin/../lib/gcc/arm-none-eabi/4.7.4/../../../../arm-none-eabi/lib/armv7e-m\libg.a(lib_a-mlock.o)
 .debug_frame   0x00002798       0x2c c:/program files (x86)/gnu tools arm embedded/4.7 2013q3/bin/../lib/gcc/arm-none-eabi/4.7.4/../../../../arm-none-eabi/lib/armv7e-m\libg.a(lib_a-sbrkr.o)
 .debug_frame   0x000027c4       0x60 c:/program files (x86)/gnu tools arm embedded/4.7 2013q3/bin/../lib/gcc/arm-none-eabi/4.7.4/../../../../arm-none-eabi/lib/armv7e-m\libg.a(lib_a-snprintf.o)
 .debug_frame   0x00002824       0x3c c:/program files (x86)/gnu tools arm embedded/4.7 2013q3/bin/../lib/gcc/arm-none-eabi/4.7.4/../../../../arm-none-eabi/lib/armv7e-m\libg.a(lib_a-svfprintf.o)
 .debug_frame   0x00002860       0x64 c:/program files (x86)/gnu tools arm embedded/4.7 2013q3/bin/../lib/gcc/arm-none-eabi/4.7.4/../../../../arm-none-eabi/lib/armv7e-m\libg.a(lib_a-dtoa.o)
 .debug_frame   0x000028c4       0x50 c:/program files (x86)/gnu tools arm embedded/4.7 2013q3/bin/../lib/gcc/arm-none-eabi/4.7.4/../../../../arm-none-eabi/lib/armv7e-m\libg.a(lib_a-freer.o)
 .debug_frame   0x00002914       0xa0 c:/program files (x86)/gnu tools arm embedded/4.7 2013q3/bin/../lib/gcc/arm-none-eabi/4.7.4/../../../../arm-none-eabi/lib/armv7e-m\libg.a(lib_a-locale.o)
 .debug_frame   0x000029b4       0x2c c:/program files (x86)/gnu tools arm embedded/4.7 2013q3/bin/../lib/gcc/arm-none-eabi/4.7.4/../../../../arm-none-eabi/lib/armv7e-m\libg.a(lib_a-memchr.o)
 .debug_frame   0x000029e0       0x30 c:/program files (x86)/gnu tools arm embedded/4.7 2013q3/bin/../lib/gcc/arm-none-eabi/4.7.4/../../../../arm-none-eabi/lib/armv7e-m\libg.a(lib_a-memcpy.o)
 .debug_frame   0x00002a10      0x234 c:/program files (x86)/gnu tools arm embedded/4.7 2013q3/bin/../lib/gcc/arm-none-eabi/4.7.4/../../../../arm-none-eabi/lib/armv7e-m\libg.a(lib_a-mprec.o)
 .debug_frame   0x00002c44       0x6c c:/program files (x86)/gnu tools arm embedded/4.7 2013q3/bin/../lib/gcc/arm-none-eabi/4.7.4/../../../../arm-none-eabi/lib/armv7e-m\libg.a(lib_a-reent.o)
 .debug_frame   0x00002cb0       0x20 c:/program files (x86)/gnu tools arm embedded/4.7 2013q3/bin/../lib/gcc/arm-none-eabi/4.7.4/../../../../arm-none-eabi/lib/armv7e-m\libg.a(lib_a-s_fpclassify.o)
 .debug_frame   0x00002cd0       0x20 c:/program files (x86)/gnu tools arm embedded/4.7 2013q3/bin/../lib/gcc/arm-none-eabi/4.7.4/../../../../arm-none-eabi/lib/armv7e-m\libg.a(lib_a-strlen.o)
 .debug_frame   0x00002cf0       0x64 c:/program files (x86)/gnu tools arm embedded/4.7 2013q3/bin/../lib/gcc/arm-none-eabi/4.7.4/../../../../arm-none-eabi/lib/armv7e-m\libg.a(lib_a-svfiprintf.o)
 .debug_frame   0x00002d54       0x28 c:/program files (x86)/gnu tools arm embedded/4.7 2013q3/bin/../lib/gcc/arm-none-eabi/4.7.4/../../../../arm-none-eabi/lib/armv7e-m\libg.a(lib_a-callocr.o)
 .debug_frame   0x00002d7c       0x30 c:/program files (x86)/gnu tools arm embedded/4.7 2013q3/bin/../lib/gcc/arm-none-eabi/4.7.4/../../../../arm-none-eabi/lib/armv7e-m\libg.a(lib_a-memmove.o)
 .debug_frame   0x00002dac       0x2c c:/program files (x86)/gnu tools arm embedded/4.7 2013q3/bin/../lib/gcc/arm-none-eabi/4.7.4/../../../../arm-none-eabi/lib/armv7e-m\libg.a(lib_a-memset.o)
 .debug_frame   0x00002dd8       0x38 c:/program files (x86)/gnu tools arm embedded/4.7 2013q3/bin/../lib/gcc/arm-none-eabi/4.7.4/../../../../arm-none-eabi/lib/armv7e-m\libg.a(lib_a-reallocr.o)
 .debug_frame   0x00002e10       0x50 c:/program files (x86)/gnu tools arm embedded/4.7 2013q3/bin/../lib/gcc/arm-none-eabi/4.7.4/armv7e-m\libgcc.a(bpabi.o)
 .debug_frame   0x00002e60       0x34 c:/program files (x86)/gnu tools arm embedded/4.7 2013q3/bin/../lib/gcc/arm-none-eabi/4.7.4/armv7e-m\libgcc.a(_divdi3.o)
 .debug_frame   0x00002e94       0x34 c:/program files (x86)/gnu tools arm embedded/4.7 2013q3/bin/../lib/gcc/arm-none-eabi/4.7.4/armv7e-m\libgcc.a(_udivdi3.o)
